
> enrich:jobs
> node scripts/run-python.mjs scripts/enrich-jobs-metadata.py

Enriching up to 50 job(s)ΓÇª
[1/50] BOBCAPS Business Development Manager Recruitment 2026 - 
[2/50] RCFl Recruitment 2026 - Apply Offline for 46 Honorary Do
[3/50] 18 Dec 2026 CORRIGENDUM NOTICE REGARDING ADVT.NO.D-6/E-1
[4/50] 24 Oct 2026 CORRIGENDUM NOTICE REGARDING ADVT.NO.D-6/E-1
[5/50] 22nd April 202647th Post-Graduate Diploma Course in Adva
Multiple definitions in dictionary at byte 0x69a14 for key /Info
Multiple definitions in dictionary at byte 0x69a20 for key /Info
Multiple definitions in dictionary at byte 0x69a2c for key /Info
[6/50] CMHO Raigarh Recruitment 2026 - Apply Offline for Dresse
[7/50] 02 Aug 2026 LIST OF SELECTED CANDIDATES IN ADVT. NO. A-7
[8/50] CEN 02/2026 TECHNICIANS Click to know Update
[9/50] IIT Hyderabad Research Associate Recruitment 2026 - Appl
[10/50] SFIO Recruitment 2026 - 38 Vacancies for Joint Director,
[11/50] UPSSSC Sugarcane Supervisor Recruitment 2026 Notificatio
[12/50] 28 Jul 2026 CORRIGENDUM NOTICE REGARDING ADVT. NO. A-5/E
[13/50] 25 Jul 2026 LIST OF SELECTED CANDIDATES IN ADVT. NO. A-7
[14/50] Allahabad High Court Special Judicial Magistrate Recruit
[15/50] Link to upload required documents for DV. The link will 
[16/50] 14 Jul 2026 NOTICE REGARDING ADVT. NO. A-2/E-1/2025, U.P
[17/50] 14 Jul 2026 NOTICE REGARDING ADVT. NO. A-5/E-1/2025, ASS
[18/50] 13 Jul 2026 NOTICE REGARDING ADVT. NO. A-4/E-1/2025, COM
[19/50] ALERT (2/7) New Conduct of Skill Test to the post of Art
[20/50] 11 Jul 2026 NOTICE REGARDING ADVT. NO. A-5/E-1/2025, ASS
[21/50] 11 Jul 2026 NOTICE REGARDING ADVT. NO. A-5/E-1/2025, ASS
[22/50] 11 Jul 2026 REVISED NOTICE REGARDING ADVT. NO. A-5/E-1/2
[23/50] 11 Jul 2026 NOTICE REGARDING ADMIT CARD FOR ADVT. NO. A-
[24/50] 11 Jul 2026 NOTICE REGARDING ADVT. NO. A-5/E-1/2025, ASS
[25/50] Regarding notice to dpc post applied candidates.CS Offic
  committed batch ΓÇö 22 updated so far
[26/50] EMRS, Pakur: list of eligible and non-eligible candidate
[27/50] WDC-PMKSY-2.0/02-Pakur result of WDT Engineer and WDT Fi
[28/50] Teacher Recruitment 2026: Newly Appointed Assistant Teac
[29/50] list for computer skill-typing test (629 KB)
[30/50] Public Utilities Banks Colleges/Universities Electricity
[31/50] EMRS Pakur Non-Eligible Candidate List 2026 and Claim & 
Multiple definitions in dictionary at byte 0x5617c6 for key /Info
Multiple definitions in dictionary at byte 0x5617d3 for key /Info
Multiple definitions in dictionary at byte 0x28d7eb for key /Info
Multiple definitions in dictionary at byte 0x28d7f8 for key /Info
Multiple definitions in dictionary at byte 0xbe3e4 for key /Info
Multiple definitions in dictionary at byte 0xbe3f1 for key /Info
Multiple definitions in dictionary at byte 0x79ca9d for key /Info
Multiple definitions in dictionary at byte 0x79caab for key /Info
Multiple definitions in dictionary at byte 0x292078 for key /Info
Multiple definitions in dictionary at byte 0x292085 for key /Info
Multiple definitions in dictionary at byte 0x4dfb23 for key /Info
Multiple definitions in dictionary at byte 0x4dfb30 for key /Info
[32/50] Pakur WDC-PMKSY 2.0/01-Littipara, PR No.-380556 Agricult
[33/50] Correction in result of WDT Engineer and WDT Finance Exp
[34/50] EMRS Pakur Eligible Candidate List 2026 & Walk-in Interv
Multiple definitions in dictionary at byte 0xa9f64 for key /Info
Multiple definitions in dictionary at byte 0xa9f71 for key /Info
Multiple definitions in dictionary at byte 0x9ae6a for key /Info
Multiple definitions in dictionary at byte 0x9ae77 for key /Info
Multiple definitions in dictionary at byte 0xb6d10 for key /Info
Multiple definitions in dictionary at byte 0xb6d1d for key /Info
Multiple definitions in dictionary at byte 0x804ae for key /Info
Multiple definitions in dictionary at byte 0x804bb for key /Info
Multiple definitions in dictionary at byte 0x8ab65 for key /Info
Multiple definitions in dictionary at byte 0x8ab72 for key /Info
[35/50] District Programme Coordinator (PMJAY) Recruitment ΓÇô Off
[36/50] Notice regarding list of 88 Applicant Advocates seeking 
[37/50] 3 Result: List Of Candidates Recommended For Appointment
[38/50] 2 Result: List Of Candidates Recommended For Appointment
[39/50] 1 Result: List Of Candidates Recommended For Appointment
[40/50] S3WaaS Logo, link to external site https://s3waas.gov.in
[41/50] Notice for appearance before selection committee for the
Multiple definitions in dictionary at byte 0xf038d for key /Info
Multiple definitions in dictionary at byte 0xf0399 for key /Info
Multiple definitions in dictionary at byte 0xf03a5 for key /Info
[42/50] AISSAC 2026 Offline Admission Merit List No 2 for Other 
[43/50] Public Notice for Inviting Online Application for AISSEE
[44/50] AISSAC 2026 Offline Admission Merit List No 1 for Class 
[45/50] Selected Candidate List for Contractual Sweeper Post (Ad
[46/50] AISSAC 2026 Offline Admission Merit List No 1 for Class 
[47/50] Recruitments Title Description Start Date End Date File 
/Prev=0 in the trailer - assuming there is no previous xref table
Multiple definitions in dictionary at byte 0x72ff3 for key /Info
Multiple definitions in dictionary at byte 0x73000 for key /Info
Multiple definitions in dictionary at byte 0x7300d for key /Info
Multiple definitions in dictionary at byte 0x7ab53 for key /Info
Multiple definitions in dictionary at byte 0x7ab60 for key /Info
Multiple definitions in dictionary at byte 0x7ab6d for key /Info
[48/50] AISSAC 2026 Offline Admission Merit List No 2 for Class 
[49/50] Public Notice Extension of Registration - AISSAC -26
[50/50] Recruitments Title Description Start Date End Date File 
Multiple definitions in dictionary at byte 0x7ab53 for key /Info
Multiple definitions in dictionary at byte 0x7ab60 for key /Info
Multiple definitions in dictionary at byte 0x7ab6d for key /Info
Multiple definitions in dictionary at byte 0x72ff3 for key /Info
Multiple definitions in dictionary at byte 0x73000 for key /Info
Multiple definitions in dictionary at byte 0x7300d for key /Info
  committed batch ΓÇö 31 updated so far
Enriched 31 jobs (scanned 50).
