
> fetch:official:feeds
> tsx scripts/fetch-official-feeds.mjs

Lookback window: 180 days
Fetching 29 RSS/HTML sources (concurrency 2)ΓÇª
  RSS/HTML pib-press-reg3ΓÇª
  RSS/HTML employment-newsΓÇª
  RSS/HTML upsc-notificationsΓÇª
  RSS/HTML upsc-previous-papersΓÇª
  RSS/HTML ssc-notificationsΓÇª
  RSS/HTML ibps-careersΓÇª
  RSS/HTML rrb-notificationsΓÇª
  RSS/HTML drdo-careersΓÇª
  RSS/HTML isro-careersΓÇª
  RSS/HTML psc-up-notificationsΓÇª
  RSS/HTML psc-br-notificationsΓÇª
  RSS/HTML psc-rj-notificationsΓÇª
  RSS/HTML psc-mh-notificationsΓÇª
  RSS/HTML psc-tn-notificationsΓÇª
  RSS/HTML psc-wb-notificationsΓÇª
  RSS/HTML psc-uk-notificationsΓÇª
  RSS/HTML kvs-recruitmentΓÇª
  RSS/HTML navy-careersΓÇª
  RSS/HTML rrb-ald-notificationsΓÇª
  RSS/HTML psc-od-notificationsΓÇª
  RSS/HTML psc-hr-notificationsΓÇª
  RSS/HTML psc-gj-notificationsΓÇª
  RSS/HTML psc-cg-notificationsΓÇª
  RSS/HTML upsc-e-admit-hubΓÇª
  RSS/HTML appsc-hall-ticketsΓÇª
  RSS/HTML ukpsc-admit-cornerΓÇª
  RSS/HTML jkpsc-admitΓÇª
  RSS/HTML tnpsc-hall-ticketsΓÇª
  RSS/HTML uppsc-hall-ticketsΓÇª

Scraping 53 admit/result portals (officialSites.js)ΓÇª
Scraping 53 official portals (with URL fixes + fallbacks) ΓÇª
  [ok] Union Public Service Commission (UPSC): 62 (rss-config)
  [ok] Reserve Bank of India ΓÇö Careers: 80 (html)
  [fail] Staff Selection Commission (SSC): 0 (ΓÇö) ΓÇö no matching links
  [ok] Life Insurance Corporation ΓÇö Careers: 79 (html)
  [fail] Institute of Banking Personnel Selection: 0 (ΓÇö) ΓÇö fetch failed
  [ok] Indian Space Research Organisation (ISRO): 72 (html) ΓÇö socket hang up
  [ok] Defence Research & Development Organisation: 60 (html) ΓÇö timeout
  [fail] Railway Recruitment Board (RRB) ΓÇö Chandigarh: 0 (ΓÇö) ΓÇö connect ETIMEDOUT 164.100.228.58:443
