
> pdf:read:live
> node scripts/run-python.mjs scripts/run-pdf-reader-agent.py --limit 0 --only-missing

PdfReaderAgent: 1925 job(s) to read (0 already memorized, 603 without PDF)
[2/1925] memorized RCFl Recruitment 2026 - Apply Offline for 46 Honorary Do (0 sections, summary=2001 chars)
[1/1925] memorized BOBCAPS Business Development Manager Recruitment 2026 -  (0 sections, summary=964 chars)
[4/1925] no PDF text for CMHO Raigarh Recruitment 2026 - Apply Offline for Dresse
Multiple definitions in dictionary at byte 0x69a14 for key /Info
Multiple definitions in dictionary at byte 0x69a20 for key /Info
Multiple definitions in dictionary at byte 0x69a2c for key /Info
[3/1925] memorized 22nd April 202647th Post-Graduate Diploma Course in Adva (0 sections, summary=2001 chars)
[6/1925] memorized IIT Hyderabad Research Associate Recruitment 2026 - Appl (0 sections, summary=2001 chars)
[7/1925] memorized SFIO Recruitment 2026 - 38 Vacancies for Joint Director, (0 sections, summary=2001 chars)
[5/1925] memorized CEN 02/2026 TECHNICIANS Click to know Update (0 sections, summary=2001 chars)
[9/1925] no PDF text for Allahabad High Court Special Judicial Magistrate Recruit
[10/1925] memorized Link to upload required documents for DV. The link will  (0 sections, summary=2001 chars)
[11/1925] memorized Regarding notice to dpc post applied candidates.CS Offic (0 sections, summary=89 chars)
[12/1925] no PDF text for EMRS, Pakur: list of eligible and non-eligible candidate
[13/1925] no PDF text for Teacher Recruitment 2026: Newly Appointed Assistant Teac
[14/1925] no PDF text for list for computer skill-typing test (629 KB)
Multiple definitions in dictionary at byte 0x5617c6 for key /Info
Multiple definitions in dictionary at byte 0x5617d3 for key /Info
Multiple definitions in dictionary at byte 0x28d7eb for key /Info
Multiple definitions in dictionary at byte 0x28d7f8 for key /Info
Multiple definitions in dictionary at byte 0xbe3e4 for key /Info
Multiple definitions in dictionary at byte 0xbe3f1 for key /Info
Multiple definitions in dictionary at byte 0x79ca9d for key /Info
Multiple definitions in dictionary at byte 0x79caab for key /Info
Multiple definitions in dictionary at byte 0x292078 for key /Info
Multiple definitions in dictionary at byte 0x292085 for key /Info
Multiple definitions in dictionary at byte 0x4dfb23 for key /Info
Multiple definitions in dictionary at byte 0x4dfb30 for key /Info
[15/1925] no PDF text for EMRS Pakur Non-Eligible Candidate List 2026 and Claim & 
[8/1925] no PDF text for UPSSSC Sugarcane Supervisor Recruitment 2026 Notificatio
Multiple definitions in dictionary at byte 0xa9f64 for key /Info
Multiple definitions in dictionary at byte 0xa9f71 for key /Info
Multiple definitions in dictionary at byte 0x9ae6a for key /Info
Multiple definitions in dictionary at byte 0x9ae77 for key /Info
Multiple definitions in dictionary at byte 0xb6d10 for key /Info
Multiple definitions in dictionary at byte 0xb6d1d for key /Info
Multiple definitions in dictionary at byte 0x804ae for key /Info
Multiple definitions in dictionary at byte 0x804bb for key /Info
Multiple definitions in dictionary at byte 0x8ab65 for key /Info
Multiple definitions in dictionary at byte 0x8ab72 for key /Info
[16/1925] no PDF text for EMRS Pakur Eligible Candidate List 2026 & Walk-in Interv
[17/1925] memorized District Programme Coordinator (PMJAY) Recruitment ΓÇô Off (0 sections, summary=69 chars)
[18/1925] memorized Notice regarding list of 88 Applicant Advocates seeking  (0 sections, summary=2001 chars)
Multiple definitions in dictionary at byte 0xf038d for key /Info
Multiple definitions in dictionary at byte 0xf0399 for key /Info
Multiple definitions in dictionary at byte 0xf03a5 for key /Info
[19/1925] no PDF text for Notice for appearance before selection committee for the
[20/1925] memorized AISSAC 2026 Offline Admission Merit List No 2 for Other  (0 sections, summary=870 chars)
[21/1925] no PDF text for Public Notice for Inviting Online Application for AISSEE
[23/1925] memorized Selected Candidate List for Contractual Sweeper Post (Ad (0 sections, summary=535 chars)
[22/1925] memorized AISSAC 2026 Offline Admission Merit List No 1 for Class  (0 sections, summary=2001 chars)
[24/1925] memorized AISSAC 2026 Offline Admission Merit List No 1 for Class  (0 sections, summary=2000 chars)
/Prev=0 in the trailer - assuming there is no previous xref table
Multiple definitions in dictionary at byte 0x72ff3 for key /Info
Multiple definitions in dictionary at byte 0x73000 for key /Info
Multiple definitions in dictionary at byte 0x7300d for key /Info
Multiple definitions in dictionary at byte 0x7ab53 for key /Info
Multiple definitions in dictionary at byte 0x7ab60 for key /Info
Multiple definitions in dictionary at byte 0x7ab6d for key /Info
[26/1925] memorized AISSAC 2026 Offline Admission Merit List No 2 for Class  (0 sections, summary=666 chars)
[27/1925] memorized Public Notice Extension of Registration - AISSAC -26 (0 sections, summary=2001 chars)
[25/1925] memorized Recruitments Title Description Start Date End Date File  (0 sections, summary=2001 chars)
[29/1925] no PDF text for Vacancy Circular (Selection for the post of Presiding Of
[30/1925] memorized Vacancy Circular (0 sections, summary=2001 chars)
[31/1925] no PDF text for Vacancy circular. Vacancy circular (VC) for engagement o
[32/1925] no PDF text for Final selection and waiting list for the post of vehicle
[33/1925] no PDF text for Recruitments Title Description Start Date End Date File 
/Prev=0 in the trailer - assuming there is no previous xref table
/Prev=0 in the trailer - assuming there is no previous xref table
[34/1925] memorized Recruitments Title Description Start Date End Date File  (0 sections, summary=2000 chars)
Multiple definitions in dictionary at byte 0x7ab53 for key /Info
Multiple definitions in dictionary at byte 0x7ab60 for key /Info
Multiple definitions in dictionary at byte 0x7ab6d for key /Info
Multiple definitions in dictionary at byte 0x72ff3 for key /Info
Multiple definitions in dictionary at byte 0x73000 for key /Info
Multiple definitions in dictionary at byte 0x7300d for key /Info
[28/1925] no PDF text for Recruitments Title Description Start Date End Date File 
[35/1925] no PDF text for Public Notice for the Post of Clerk on Adhoc basis Emplo
[36/1925] no PDF text for Public Notice for the Post of Clerk on Adhoc basis Emplo
[37/1925] memorized Recruitment and conditions Orissa Gadget Law Department  (0 sections, summary=2001 chars)
[39/1925] memorized Main written examination (0 sections, summary=2000 chars)
[38/1925] no PDF text for Recruitment for the post of Junior Clerk-cum-copyist, Ju
[40/1925] memorized Allotment of Seat and Location of Centre for JAO under F (0 sections, summary=2001 chars)
[41/1925] memorized LDE Notification LDE Notifications 2022-2023 LDE Notific (0 sections, summary=416 chars)
Multiple definitions in dictionary at byte 0x5411e for key /Info
Multiple definitions in dictionary at byte 0x5412a for key /Info
Multiple definitions in dictionary at byte 0x534bd for key /Info
Multiple definitions in dictionary at byte 0x534c9 for key /Info
[43/1925] memorized Expression of Interest for Engineering Colleges (0 sections, summary=2001 chars)
[44/1925] no PDF text for Important Notice:Regarding Introduction of 5th Answer Op
Multiple definitions in dictionary at byte 0x759e for key /Info
Multiple definitions in dictionary at byte 0x75aa for key /Info
[45/1925] no PDF text for Corrigendum:Integrated 72nd Combined (Preliminary) Compe
Multiple definitions in dictionary at byte 0x3292 for key /Info
Multiple definitions in dictionary at byte 0x329e for key /Info
[46/1925] no PDF text for Important Notice:Date of Commencement of Examination for
[42/1925] memorized LDE Notification 2026-2027 (0 sections, summary=2000 chars)
Multiple definitions in dictionary at byte 0x37d0 for key /Info
Multiple definitions in dictionary at byte 0x37dc for key /Info
Multiple definitions in dictionary at byte 0x2df8 for key /Info
Multiple definitions in dictionary at byte 0x2e04 for key /Info
[47/1925] no PDF text for Important Notice-cum-Examination Program:33rd Bihar Judi
[48/1925] no PDF text for Important Notice:Regarding postponement of 33rd Bihar Ju
Multiple definitions in dictionary at byte 0x2df8 for key /Info
Multiple definitions in dictionary at byte 0x2e04 for key /Info
Multiple definitions in dictionary at byte 0x37d0 for key /Info
Multiple definitions in dictionary at byte 0x37dc for key /Info
Multiple definitions in dictionary at byte 0x3292 for key /Info
Multiple definitions in dictionary at byte 0x329e for key /Info
Multiple definitions in dictionary at byte 0x759e for key /Info
Multiple definitions in dictionary at byte 0x75aa for key /Info
[50/1925] memorized ONGC Mehsana invites retired ONGCians for the post of Ju (0 sections, summary=2001 chars)
[49/1925] no PDF text for Bihar Public Service Commission Bihar Public Service Com
[51/1925] memorized Walk-in Interview for engagement of Junior Consultant (M (0 sections, summary=2000 chars)
[53/1925] no PDF text for DESIGNATED OFFICERS FOR LEA MATTERS(.pdf - 85.31 KB)
[54/1925] no PDF text for POSITIVE PAY SYSTEM (PPS)(.pdf - 185.71 KB)
[55/1925] no PDF text for DIVYANGJAN ACCESSIBLE CENTRES(.pdf - 353.41 KB)
[56/1925] no PDF text for Engagement Of Deputy Managing Trustee For Canara Financi
[57/1925] no PDF text for List Of Provisionally Selected Candidates For Engagement
[52/1925] memorized Engagement of retired ONGC Executives as Junior/Associat (0 sections, summary=2001 chars)
[58/1925] no PDF text for Engagement Of Deputy Managing Trustee For Canara Financi
[59/1925] memorized αñòαÑçαñ¿αÑìαñªαÑìαñ░αÑÇαñ» αñ╡αñ┐αñªαÑìαñ»αñ╛αñ▓αñ» αñåαñ░.αñåαñ░.αñÅαñ▓. αñ£αÑïαñ░αñ╣αñ╛αñƒ αñòαÑÇ αñòαñòαÑìαñ╖αñ╛ 9αñ╡αÑÇαñé αñòαÑÇ αñ«αÑçαñº (0 sections, summary=727 chars)
[60/1925] memorized αñíαÑë. αñ░αñ╛αñ£αÑçαñéαñªαÑìαñ░ αñ¬αÑìαñ░αñ╕αñ╛αñª αñòαÑçαñéαñªαÑìαñ░αÑÇαñ» αñ╡αñ┐αñªαÑìαñ»αñ╛αñ▓αñ» αñòαÑÇ αñ¢αñ╛αññαÑìαñ░ αñ╣αÑÇαñ░ αñ¿αÑç αñªαÑü (0 sections, summary=228 chars)
[61/1925] memorized αñ¬αÑÇαñÅαñ« αñ╢αÑìαñ░αÑÇ αñòαÑçαñ¿αÑìαñªαÑìαñ░αÑÇαñ» αñ╡αñ┐αñªαÑìαñ»αñ╛αñ▓αñ» αñòαÑìαñ░.1 αñ£αñ╛αñ▓αñ╛αñ╣αñ▓αÑìαñ▓αÑÇ αñ«αÑçαñé αñòαñòαÑìαñ╖αñ╛ 1 (0 sections, summary=383 chars)
[62/1925] memorized αñòαÑçαñ¿αÑìαñªαÑìαñ░αÑÇαñ» αñ╡αñ┐αñªαÑìαñ»αñ╛αñ▓αñ» αñ¡αñ╛αñ░αññαÑÇαñ» αñ╡αñ┐αñ£αÑìαñ₧αñ╛αñ¿ αñ╕αñéαñ╕αÑìαñÑαñ╛αñ¿ αñ¼αÑçαñéαñùαñ▓αÑüαñ░αÑü αñòαÑÇ αñ¢αñ╛ (0 sections, summary=373 chars)
[63/1925] memorized αñòαÑçαñ¿αÑìαñªαÑìαñ░αÑÇαñ» αñ╡αñ┐αñªαÑìαñ»αñ╛αñ▓αñ» αñ╕αÑçαñòαÑìαñƒαñ░-47 αñòαÑç αñ¢αñ╛αññαÑìαñ░ αñ»αÑüαñ╡αñ░αñ╛αñ£ αñ¿αÑç αñ╕αñ┐αñéαñùαñ╛αñ¬αÑüαñ░ (0 sections, summary=351 chars)
[64/1925] memorized αñªαÑüαñ¼αñê αñ«αÑçαñé 6 αñ╕αÑç 11 αñàαñùαñ╕αÑìαññ 2025 αññαñò αñåαñ»αÑïαñ£αñ┐αññ αñ¢αñáαÑÇ αñÅαñ╢αñ┐αñ»αñ╛αñê αñ»αÑïαñùαñ╛αñ╕αñ¿  (0 sections, summary=260 chars)
[65/1925] memorized αñ¬αÑÇαñÅαñ« αñ╢αÑìαñ░αÑÇ αñòαÑçαñ¿αÑìαñªαÑìαñ░αÑÇαñ» αñ╡αñ┐αñªαÑìαñ»αñ╛αñ▓αñ» αñ¢αññαÑìαñ░αñ¬αññαñ┐ αñ╕αñéαñ¡αñ╛αñ£αÑÇαñ¿αñùαñ░ αñòαÑêαñéαñƒ αñòαÑÇ αñ¢ (0 sections, summary=208 chars)
[66/1925] memorized αñòαÑçαñ¿αÑìαñªαÑìαñ░αÑÇαñ» αñ╡αñ┐αñªαÑìαñ»αñ╛αñ▓αñ» αñíαÑÇαñåαñ░αñíαÑÇαñô αñòαÑç αñòαñòαÑìαñ╖αñ╛ 6 αñòαÑç αñ╡αñ┐αñªαÑìαñ»αñ╛αñ░αÑìαñÑαÑÇ αñ╕αñ«αñòαÑì (0 sections, summary=358 chars)
[67/1925] memorized αñ¬αÑÇαñÅαñ« αñ╢αÑìαñ░αÑÇ αñòαÑçαñ¿αÑìαñªαÑìαñ░αÑÇαñ» αñ╡αñ┐αñªαÑìαñ»αñ╛αñ▓αñ» αñ«αñ▓αÑìαñ▓αÑçαñ╢αÑìαñ╡αñ░αñ« αñòαÑç αñ¢αñ╛αññαÑìαñ░ αñ£αÑÇαñ╡αñéαñ╢ αñ╕ (0 sections, summary=332 chars)
[68/1925] memorized αñ¬αÑÇαñÅαñ« αñ╢αÑìαñ░αÑÇ αñòαÑçαñ¿αÑìαñªαÑìαñ░αÑÇαñ» αñ╡αñ┐αñªαÑìαñ»αñ╛αñ▓αñ» αñ╣αñ┐αñ╕αñ╛αñ░ αñòαÑêαñ¿αÑìαñƒ αñòαÑÇ αñ¢αñ╛αññαÑìαñ░αñ╛ αñåαñ╢αÑÇ αñù (0 sections, summary=223 chars)
[69/1925] memorized αñëαñ¬-αñ¬αÑìαñ░αñ╛αñÜαñ╛αñ░αÑìαñ»αÑïαñé αñòαÑç αñ╡αñ╛αñ░αÑìαñ╖αñ┐αñò αñ╕αÑìΓÇìαñÑαñ╛αñ¿αñ╛αñéαññαñ░αñú αñåαñªαÑçαñ╢ ΓÇô 2026αñ¿αñê (0 sections, summary=1818 chars)
[70/1925] no PDF text for αñ╕αÑìαñƒαñ╛αñ½ αñòαñ╛αñ░ αñíαÑìαñ░αñ╛αñêαñ╡αñ░ αñ¬αñª αñòαÑÇ αñàαñ¿αñéαññαñ┐αñ« αñ╡αñ░αñ┐αñ╖αÑìαñáαññαñ╛ αñ╕αÑéαñÜαÑÇ, αñ╡αñ░αÑìαñ╖ 2026 
[72/1925] no PDF text for RPF012024SI-Zonewise_Vacancy_Position
[73/1925] memorized E2Exam Group 12 - Level 6-RRB-20-Publish_Report cutoff (0 sections, summary=835 chars)
[74/1925] memorized D2Exam Group 11 - Level 6-RRB-20-Publish_Report cut off (0 sections, summary=627 chars)
[75/1925] memorized C2Exam Group 05 - Level 7-RRB-20-Publish_Report cut off (0 sections, summary=672 chars)
[71/1925] no PDF text for Process of Written Examination/Computer Based Test (CBT)
[76/1925] memorized B2Exam Group 01 - Level 8&7-RRB-20-Publish_Reportz cut o (0 sections, summary=1576 chars)
[77/1925] memorized A2Exam Group 01 - Level 8&7-RRB-20-Publish_Report cutoff (0 sections, summary=698 chars)
[78/1925] memorized GUWAHATI-Exam Group-01-level-08_Cut Off (0 sections, summary=976 chars)
[80/1925] memorized αñ╡αñ░αÑìαñ╖ 2026 αñ«αÑçαñé αñ░αñòαÑìαñ╖αñ╛ αñ¬αÑìαñ░αÑîαñªαÑìαñ»αÑïαñùαñ┐αñòαÑÇ αñÅαñ╡αñé αñ¬αñ░αÑÇαñòαÑìαñ╖αñú αñòαÑçαñ¿αÑìαñªαÑìαñ░ (αñíαÑÇ (0 sections, summary=2000 chars)
[81/1925] memorized αñ╕αÑÇ αñ╡αÑÇ αñåαñ░ αñíαÑÇ αñê, αñÜαÑçαñ¿αÑìαñ¿αñê αñªαÑìαñ╡αñ╛αñ░αñ╛ αñ£αÑéαñ¿αñ┐αñ»αñ░ αñ░αñ┐αñ╕αñ░αÑìαñÜ αñ½αÑçαñ▓αÑïαñ╢αñ┐αñ¬ (αñ£αÑç αñå (0 sections, summary=2000 chars)
[79/1925] memorized Railway Recruitment Cell (RRC), Bhubaneswar (0 sections, summary=2001 chars)
[83/1925] memorized αñÅ αñ╕αÑÇ αñê αñÅαñ«, αñ¿αñ╛αñ╕αñ┐αñò αñªαÑìαñ╡αñ╛αñ░αñ╛ αñ╡αñ░αÑìαñ╖ 2026-27 αñòαÑç αñ▓αñ┐αñÅ αñàαñ¬αÑìαñ░αÑçαñéαñƒαñ┐αñ╕ αñòαÑç (0 sections, summary=2001 chars)
[82/1925] memorized αñ£αÑÇ αñƒαÑÇ αñåαñ░ αñê, αñ¼αÑçαñéαñùαñ▓αÑüαñ░αÑü αñ«αÑçαñé αñàαñ¬αÑìαñ░αÑçαñéαñƒαñ┐αñ╕αñ╢αñ┐αñ¬ αñƒαÑìαñ░αÑçαñ¿αñ┐αñéαñù αñ¬αÑìαñ░αÑïαñùαÑìαñ░αñ╛αñ« (0 sections, summary=2001 chars)
[84/1925] memorized 30 αñ£αÑéαñ¿ 2026 αñòαÑï αñíαÑÇαñÅαñ«αñÅαñ╕αñåαñ░αñíαÑÇαñê αñòαñ╛αñ¿αñ¬αÑüαñ░ αñ«αÑçαñé αñ£αÑéαñ¿αñ┐αñ»αñ░ αñ░αñ┐αñ╕αñ░αÑìαñÜ αñ½αÑçαñ▓αÑï (0 sections, summary=305 chars)
[86/1925] memorized Advt. No. ISTRAC:01:2026 dated June 22, 2026 - Recruitme (0 sections, summary=2001 chars)
[85/1925] memorized 04 αñ£αÑüαñ▓αñ╛αñê 2026 αñòαÑï αñ╕αÑÇ.αñÅ.αñåαñê.αñåαñ░., αñ¼αÑçαñéαñùαñ▓αÑüαñ░αÑü αñ«αÑçαñé αñ£αÑéαñ¿αñ┐αñ»αñ░ αñ░αñ┐αñ╕αñ░αÑìαñÜ (0 sections, summary=1181 chars)
[88/1925] memorized All candidates appearing in the UPSC Examination will un (0 sections, summary=2001 chars)
[87/1925] memorized Vacancies in UPSC (0 sections, summary=2001 chars)
[89/1925] memorized Examination Time Table: Combined Medical Services Examin (0 sections, summary=2001 chars)
[90/1925] memorized Reserve List: Central Armed Police Forces (ACs) Examinat (0 sections, summary=2001 chars)
[91/1925] memorized Examination Time Table: Central Armed Police Forces (ACs (0 sections, summary=2001 chars)
[92/1925] memorized Reserve List: Combined Medical Services Examination, 202 (0 sections, summary=2001 chars)
[93/1925] memorized Recruitment cases kept on hold on account of Pending Lit (0 sections, summary=2001 chars)
[94/1925] no PDF text for Press note regarding the personal interview for the Post
[95/1925] no PDF text for Cancellation of Examination for the Post of Instructor (
[97/1925] no PDF text for Press Note - list of Provisionally Eligible & Ineligible
[98/1925] no PDF text for Provisionally In-eligible candidates for the post of Win
[99/1925] no PDF text for Provisionally eligible candidates for the post of Winch 
[96/1925] no PDF text for List of Provisionally Eligible & Ineligible candidates f
[100/1925] no PDF text for Provisionally eligible candidates for the post of Turner
[101/1925] no PDF text for Provisionally In-eligible candidates for the post of Tur
[102/1925] no PDF text for Provisionally In-eligible candidates for the post of Oil
[103/1925] no PDF text for Provisionally eligible candidates for the post of Oilman
[104/1925] no PDF text for Provisionally eligible candidates for the post of Mason 
[105/1925] no PDF text for Provisionally In-eligible candidates for the post of Mas
[107/1925] no PDF text for Provisionally eligible candidates for the post of fitter
[106/1925] no PDF text for Provisionally In-eligible candidates for the post of fit
[109/1925] no PDF text for Provisionally In-ligible candidates for the post of Weld
[108/1925] no PDF text for Provisionally In-ligible candidates for the post of Engi
[110/1925] no PDF text for Provisionally Eligible candidates for the post of Welder
[111/1925] no PDF text for Provisionally In-eligible candidates for the post of Cra
[112/1925] no PDF text for Provisionally eligible candidates for the post of Engine
[113/1925] no PDF text for Provisionally In-eligible candidates for the post of Ass
[114/1925] no PDF text for Provisionally eligible candidates for the post of Assist
[115/1925] no PDF text for Provisionally In-eligible candidates for the post of Ass
[116/1925] no PDF text for Provisionally Eligible candidates for the post of Assist
[118/1925] no PDF text for Press release for various category of Group B(NG) and Gr
[117/1925] no PDF text for Press release for recruitment of various Group C industr
[120/1925] no PDF text for Press Note-Combined Higher Secondary Level Recruitment E
[121/1925] no PDF text for Press Release-Revision of Vacancies & Extension of Onlin
[122/1925] no PDF text for AISSACΓÇô2026: Registration, correction & choice filling r
[123/1925] memorized Public Notice : Instructions for Candidates towards Exte (0 sections, summary=2001 chars)
[124/1925] no PDF text for OFFLINE ADMISSIONS (ROUND-3) TO CLASS VI (HOME STATE SC 
[125/1925] no PDF text for VACANCY ARISEN DUE TO THE WITHDRAWAL OF SCHOOL No 7379, 
incorrect startxref pointer(3)
[126/1925] no PDF text for Shortlisting For Medical, Dental and Allied Subject Post
[127/1925] memorized CEN 01/2024 (ALP), CEN 01/2024 (RPF- SI), CEN 02/2024 (T (0 sections, summary=1685 chars)
[128/1925] memorized CEN 01/2024 (ALP), CEN 01/2024 (RPF- SI), CEN 02/2024 (T (0 sections, summary=1869 chars)
[119/1925] no PDF text for Press Note ΓÇô Annexure- Common Matriculation Level Recrui
[130/1925] memorized LATEST NOTICE:αñëαññαÑìαññαñ░ αñ¬αÑìαñ░αñªαÑçαñ╢ αñ╣αÑïαñ«αñùαñ╛αñ░αÑìαñíαÑìαñ╕ αñòαÑç αñ¬αñªαÑïαñé αñ¬αñ░ αñÅαñ¿αñ░αÑïαñ▓αñ«αÑç (0 sections, summary=76 chars)
Multiple definitions in dictionary at byte 0xbfdba4 for key /Info
Multiple definitions in dictionary at byte 0xbfdbb1 for key /Info
[129/1925] no PDF text for Advt No. 24 of 2026 - District Manager (Group-B) in Hary
[132/1925] memorized Notice on application status for CEN 09_2025 (0 sections, summary=2001 chars)
[133/1925] memorized Revocation Suspension of Eko Pro Engineers Private Limit (0 sections, summary=1930 chars)
[131/1925] no PDF text for Medical Appeal Notice - CEN 03/2024 (Junior Engineers) C
[135/1925] memorized FSSAI says no junk food advertising near schools[0.34 MB (0 sections, summary=1672 chars)
[136/1925] memorized FSSAI, through notification, prohibits sale of non-iodis (0 sections, summary=2001 chars)
[137/1925] memorized FSSAI gazette notifies standards for coconut water, drie (0 sections, summary=2000 chars)
[138/1925] memorized 5th Meeting of India-Nepal Joint Commission held in Kath (0 sections, summary=923 chars)
[139/1925] memorized Vijayawada Police commissioner Ch Dwaraka Tirumala Rao a (0 sections, summary=2001 chars)
[134/1925] memorized 6a436f6496adbNotification dt 23.06.2026 CAC (0 sections, summary=2001 chars)
[141/1925] memorized No Junk Food in Schools! FSSAI releases 10 point charter (0 sections, summary=2001 chars)
[142/1925] memorized AHAR discusses illegal kitchens, licence, delivery commi (0 sections, summary=347 chars)
[143/1925] memorized FSSAI issues draft notification for regulating food sold (0 sections, summary=2001 chars)
[144/1925] memorized Food regulator issues notice to McDonald├óΓé¼Γäós for ├óΓé¼╦£irre (0 sections, summary=2001 chars)
[145/1925] memorized Final decision on junk food sale, advertisement ban near (0 sections, summary=2000 chars)
[140/1925] memorized FSSAI launches Food Safety Mitra for ease of doing busin (0 sections, summary=2001 chars)
[146/1925] memorized Mid-day meal fortification being examined in Rajasthan[0 (0 sections, summary=462 chars)
[147/1925] memorized FSSAI declares import clearance of food items, testing a (0 sections, summary=1400 chars)
[148/1925] memorized FSSAI declares import clearance of food items, testing a (0 sections, summary=400 chars)
[149/1925] memorized Food Import Clearance System to be notified as essential (0 sections, summary=2001 chars)
[151/1925] memorized FSSAI notifies to reinstate SMR as testing method for ho (0 sections, summary=2001 chars)
[150/1925] memorized FSSAI guidance and notification on nutraceuticals ├óΓé¼ΓÇ£ An (0 sections, summary=2001 chars)
[153/1925] memorized FSSAI notifies amended norms on micro stds for meat, mil (0 sections, summary=2001 chars)
[152/1925] memorized Norms limiting trans fats to 2 to be notified soon, Baks (0 sections, summary=2001 chars)
[154/1925] memorized FSSAI notifies regulations to ensure safe and wholesome  (0 sections, summary=590 chars)
[155/1925] memorized FSSAI notifies norms on nutritional claims for groundnut (0 sections, summary=2001 chars)
[156/1925] memorized FSSAI notifies standards for fortification of processed  (0 sections, summary=2001 chars)
[157/1925] memorized FSSAI notifies norms for permissible levels of micronutr (0 sections, summary=2001 chars)
[158/1925] memorized FSSAI notifies on FSS Act and Good Agri Practices to add (0 sections, summary=2001 chars)
[159/1925] memorized FBOS asked to apply for FSSAI license online[0.47 MB] (0 sections, summary=791 chars)
[160/1925] memorized FSSAI notifies FBOs regarding rules to fortify ├óΓé¼╦£proces (0 sections, summary=2000 chars)
[161/1925] memorized FSSAI notifies prohibition regulations with clarity on i (0 sections, summary=1717 chars)
[163/1925] memorized FSSAI notifies prohibition regulations with clarity on i (0 sections, summary=1717 chars)
[162/1925] memorized FSSAI notifies regulations to limit trans fat in food it (0 sections, summary=2001 chars)
[164/1925] memorized FSSAI notifies amendment regarding alcoholic beverage re (0 sections, summary=2001 chars)
[165/1925] memorized FSSAI notifies amendment regarding alcoholic beverage re (0 sections, summary=2001 chars)
[167/1925] memorized FSSAI notifies norms specifying stds for food supplement (0 sections, summary=2001 chars)
[166/1925] memorized Commissioner, FDA Reviews Food Safety Measures[0.46 MB] (0 sections, summary=2001 chars)
[168/1925] memorized SMVD Shrine Board Adopts Project ├óΓé¼╦£BHOG├óΓé¼Γäó Under Eat Ri (0 sections, summary=2001 chars)
[169/1925] no PDF text for FSSAI notifies regulatory standards for basmati rice[0.5
[170/1925] memorized FSSAI Action Against Misleading Claims & Advertisements  (0 sections, summary=2001 chars)
[171/1925] memorized FSSAI reconstitutes scientific panels to notify food sta (0 sections, summary=2001 chars)
[172/1925] memorized FSSAI proposes draft regulation, categorising menus into (0 sections, summary=2001 chars)
[173/1925] memorized ├á┬ñΓÇô├á┬ñ┬╛├á┬ñ┬ª├á┬Ñ┬ì├á┬ñ┬» ├á┬ñ┬╡├á┬ñ┬┐├á┬ñ┬¡├á┬ñ┬╛├á┬ñΓÇö ├á┬ñ┬«├á┬ÑΓÇí├á┬ñΓÇÜ ├á┬ñ┬¡├á┬ñ┬░├á┬Ñ┬ì├á┬ñ┬ñ├á┬ñ (0 sections, summary=1528 chars)
[175/1925] memorized FSSAI to up enforcement activity in coming months; Recru (0 sections, summary=1722 chars)
[174/1925] memorized Latest jobs 2018-19 notifications Apply Now[0.5 MB] (0 sections, summary=528 chars)
[176/1925] memorized FSSAI announces new regulations to deal with misleading  (0 sections, summary=208 chars)
[177/1925] memorized FSSAI, Apex Food Regulator, Announces Jobs. Registration (0 sections, summary=1232 chars)
[178/1925] memorized FSSAI recruitment: Applications open for 275 vacancies,  (0 sections, summary=1284 chars)
[179/1925] memorized Freshers job : FSSAI releases vacancies for 275 posts; a (0 sections, summary=1407 chars)
[181/1925] memorized FSSAI application process begins for 275 vacancies for m (0 sections, summary=2001 chars)
[180/1925] memorized FSSAI Recruitment 2019: Apply for 275 officer post onlin (0 sections, summary=999 chars)
[182/1925] memorized FSSAI recruitment 2019: Fresh vacancies, last date July  (0 sections, summary=2001 chars)
[183/1925] memorized FSSAI Exam 2020 Date out for Assistant Director, Deputy  (0 sections, summary=1606 chars)
[184/1925] no PDF text for FSSAI postpone written exam scheduled in September[0.26 
[185/1925] memorized FSSAI sends notices to food business operators for misle (0 sections, summary=1701 chars)
[186/1925] no PDF text for Direct Recruitment examination for Postman/Mailguard and
[188/1925] no PDF text for Filling up of vacancies of Skilled Artisan (Ordinary Gra
[187/1925] no PDF text for Direct Recruitment for the post of Manger Mail Motor Ser
[190/1925] no PDF text for Corrigendum for filling up of vacancies of Skilled Artis
[189/1925] no PDF text for Filling up of vacancies of Skilled Artisan (Ordinary Gra
[191/1925] no PDF text for Public Notice - resumption of postal service and delay i
[193/1925] no PDF text for Message from HonΓÇÖble Minister of Communications (April,2
[192/1925] no PDF text for Public Notice - temporary suspension of postal servicePD
[194/1925] no PDF text for Message from HonΓÇÖble Minister of Communications (April,2
[195/1925] no PDF text for Message from HonΓÇÖble Minister of Communications (May,202
[196/1925] no PDF text for Message from HonΓÇÖble Minister of Communications (May,202
[198/1925] no PDF text for Notice:NOTICE REGARDING REFUND OF EXAMINATION FEE FOR TH
[197/1925] no PDF text for Department of PostsGovernment of IndiaMinistry of Commun
[200/1925] memorized Notice:CEN 04/2025 Section Controller-Notice of CBAT Exa (0 sections, summary=2001 chars)
[201/1925] no PDF text for Notice:Notice of Rescheduled date of CBAT Exam for CEN 0
[202/1925] memorized E2Exam%20Group%2012%20-%20Level%206-RRB-20-Publish_Repor (0 sections, summary=835 chars)
[203/1925] memorized D2Exam%20Group%2011%20-%20Level%206-RRB-20-Publish_Repor (0 sections, summary=627 chars)
[204/1925] memorized C2Exam%20Group%2005%20-%20Level%207-RRB-20-Publish_Repor (0 sections, summary=672 chars)
[205/1925] memorized B2Exam%20Group%2001%20-%20Level%208&7-RRB-20-Publish_Rep (0 sections, summary=1576 chars)
[206/1925] memorized A2Exam%20Group%2001%20-%20Level%208&7-RRB-20-Publish_Rep (0 sections, summary=698 chars)
[207/1925] memorized GUWAHATI-Exam%20Group-01-level-08_Cut%20Off (0 sections, summary=976 chars)
[208/1925] memorized Cut-Off%20Cat%2058%20Result%20against%20%20CEN%2007-2024 (0 sections, summary=627 chars)
[209/1925] memorized Cut-Off%20Cat%2029%20Result%20against%20%20CEN%2007-2024 (0 sections, summary=672 chars)
[210/1925] memorized Provisional Panel for Level-7 under CEN No. 04/2024 (Par (0 sections, summary=2001 chars)
[199/1925] no PDF text for Notice:List of CANDIDATES Shortlisted For Physical Effic
[211/1925] memorized Provisional Panel for Level-7 under CEN No. 04/2024 (Par (0 sections, summary=2001 chars)
[212/1925] memorized Provisional Panel for Level-5, under CEN No. 02/2024 (0 sections, summary=2001 chars)
[214/1925] memorized Cut-off Marks of Candidates shortlisted for SCIENTIFIC S (0 sections, summary=457 chars)
[213/1925] memorized Provisional Panel for Level-6/ 7 under CEN No. 03/2024 ( (0 sections, summary=2001 chars)
[215/1925] memorized Provisional Panel for Level-5, under CEN No. 02/2024 (0 sections, summary=2000 chars)
[216/1925] memorized Provisional Panel for Level-7 under CEN No. 04/2024 (Par (0 sections, summary=2001 chars)
[217/1925] memorized Cut-off Marks (out of 100 marks) of Candidates Shortlist (0 sections, summary=625 chars)
[218/1925] memorized Cut-off Marks (out of 100 marks) of Candidates Shortlist (0 sections, summary=858 chars)
[219/1925] memorized Provisional Panel for Level-6/ 7 under CEN No. 03/2024 ( (0 sections, summary=2001 chars)
[220/1925] memorized Provisional Panel for Level-2, under CEN No. 01/2024 (AL (0 sections, summary=2001 chars)
[221/1925] memorized Provisional Panel for Level-7 under CEN No. 04/2024 (Par (0 sections, summary=2000 chars)
[222/1925] memorized Provisional Panel for POST GRADUATE TEACHER UNDER CEN No (0 sections, summary=2001 chars)
[223/1925] memorized CEN No. 05/2025 - Cutoff Marks(Out of 100) of Candidates (0 sections, summary=1266 chars)
[224/1925] memorized CEN No. 07/2024 - Cutoff Marks(Out of 100) of Category N (0 sections, summary=515 chars)
[226/1925] memorized CEN No. 06/2024 - Cutoff Marks of Candidates shortlisted (0 sections, summary=1309 chars)
[225/1925] memorized CEN No. 07/2024 - Cutoff Marks(Out of 100) of Category N (0 sections, summary=506 chars)
[228/1925] memorized CEN No. 06/2025 - Cut-off Marks (out of 100 marks) of Ca (0 sections, summary=1277 chars)
[227/1925] memorized CEN No. 03/2025 - LIST OF CANDIDATES SHORTLISTED FOR DOC (0 sections, summary=2001 chars)
[229/1925] no PDF text for For Attention of Candidates-- For all future Railway Rec
[230/1925] memorized αñ╕αÑÇ αñ╡αÑÇ αñåαñ░ αñíαÑÇ αñê, αñÜαÑçαñ¿αÑìαñ¿αñê αñªαÑìαñ╡αñ╛αñ░αñ╛ αñ£αÑéαñ¿αñ┐αñ»αñ░ αñ░αñ┐αñ╕αñ░αÑìαñÜ αñ½αÑçαñ▓αÑïαñ╢αñ┐αñ¬ (αñ£αÑç αñå (0 sections, summary=2000 chars)
[231/1925] memorized αñÅ αñ╕αÑÇ αñê αñÅαñ«, αñ¿αñ╛αñ╕αñ┐αñò αñªαÑìαñ╡αñ╛αñ░αñ╛ αñ╡αñ░αÑìαñ╖ 2026-27 αñòαÑç αñ▓αñ┐αñÅ αñàαñ¬αÑìαñ░αÑçαñéαñƒαñ┐αñ╕ αñòαÑç (0 sections, summary=2001 chars)
[232/1925] memorized αñùαÑïαñ░αñûαñ¬αÑüαñ░ αñ╣αñ░αñ┐αñ»αñ╛αñúαñ╛ αñàαñúαÑü αñ╡αñ┐αñªαÑìαñ»αÑüαññ αñ¬αñ░αñ┐αñ»αÑïαñ£αñ¿αñ╛ - 1 αñ╡ 2 (0 sections, summary=518 chars)
[234/1925] no PDF text for 201901010404441323095News_01012019_03_hindi
[235/1925] memorized αñùαÑïαñ░αñûαñ¬αÑüαñ░ αñ╣αñ░αñ┐αñ»αñ╛αñúαñ╛ αñàαñúαÑü αñ╡αñ┐αñªαÑìαñ»αÑüαññ αñ¬αñ░αñ┐αñ»αÑïαñ£αñ¿αñ╛ - 1 αñ╡ 2 (0 sections, summary=518 chars)
[236/1925] memorized Appellate Authority & Information Officers (0 sections, summary=2001 chars)
[233/1925] memorized αñàαñºαÑìαñ»αñòαÑìαñ╖ αñÅαñ╡αñé αñ¬αÑìαñ░αñ¼αñéαñº αñ¿αñ┐αñªαÑçαñ╢αñò αñ¬αÑâαñ╖αÑìαñá / 38 αñ╡αÑÇαñé αñÅαñ£αÑÇαñÅαñ« αñ«αÑçαñé αñàαñºαÑìαñ»αñò (0 sections, summary=2001 chars)
[238/1925] memorized Various vacancy at Bhabha Atomic Research Centre (0 sections, summary=2001 chars)
[237/1925] memorized Vacancies & ResultsUpdated (0 sections, summary=2001 chars)
[239/1925] no PDF text for Advt. No. WII/ADVT. 1/RPΓÇôCELL/ May, 2026 to Engage Consu
[240/1925] no PDF text for Filling up of one post of Section Officer on Deputation 
[242/1925] memorized Layout Plan- Bids are invited for Design, Construction,  (0 sections, summary=369 chars)
[241/1925] no PDF text for Extension of last date of Applications for Section Offic
[243/1925] memorized List of Beneficiaries under FAS Scheme (2021-26) (0 sections, summary=2001 chars)
[244/1925] memorized Direct Recruitment Posts Assistant General Manager Assis (0 sections, summary=499 chars)
[246/1925] memorized DPI@2047 for Viksit Bharat: A Strategic Roadmap to Enabl (0 sections, summary=2001 chars)
Multiple definitions in dictionary at byte 0x911c3 for key /Info
Multiple definitions in dictionary at byte 0x911cf for key /Info
Multiple definitions in dictionary at byte 0x911db for key /Info
[245/1925] no PDF text for ADDENDUM Director BEDF Recruitement 05june2026
[247/1925] memorized Revised Composition of the National Institution for Tran (0 sections, summary=2001 chars)
[248/1925] memorized Trade Watch- Quarterly (January - March [Q4] FY26) (0 sections, summary=2001 chars)
[249/1925] memorized Public Notice - Request/Invitation for Expression of Int (0 sections, summary=2001 chars)
[251/1925] memorized Cabinet Secretariat Notification dated 24-04-26 (0 sections, summary=2001 chars)
Multiple definitions in dictionary at byte 0x2ce5d for key /Info
Multiple definitions in dictionary at byte 0x2ce69 for key /Info
Multiple definitions in dictionary at byte 0x2ce75 for key /Info
[252/1925] memorized Cabinet Secretariat Notification dated 02-05-26 (0 sections, summary=1708 chars)
[250/1925] memorized vacancy circular (0 sections, summary=2001 chars)
[254/1925] memorized "αñªαÑçαñ╢ αñ«αÑçαñé αñ«αñ╣αñ┐αñ▓αñ╛ αñòαñ░αÑìαñ«αñÜαñ╛αñ░αñ┐αñ»αÑïαñé αñªαÑìαñ╡αñ╛αñ░αñ╛ αñªαñ╛αñûαñ┐αñ▓ αñê-αñ¿αñ╛αñ«αñ╛αñéαñòαñ¿ αñòαÑÇ αñòαÑüαñ▓ (0 sections, summary=2001 chars)
[253/1925] memorized "αñ╢αÑÇαñ░αÑìαñ╖ 75 αñÅαñ╕αñÅαñ╕αñÅ, αñ╢αÑÇαñ░αÑìαñ╖ 7 αñàαñ¿αÑüαñ¡αñ╛αñù αñ¬αñ░αÑìαñ»αñ╡αÑçαñòαÑìαñ╖αñò αñöαñ░ αñ╢αÑÇαñ░αÑìαñ╖ 5 αñ▓αÑç (0 sections, summary=2001 chars)
[256/1925] memorized EPS 1995 - List of Pension Disbursing Banks (0 sections, summary=2001 chars)
[255/1925] no PDF text for HRM7 DepuVacancy DDVig 16761
[257/1925] memorized Large Exposures Framework ΓÇô Increase in Exposure to a Gr (0 sections, summary=2001 chars)
[258/1925] memorized COVID19 Regulatory Package ΓÇô Review of Resolution Timeli (0 sections, summary=2000 chars)
[260/1925] memorized Interest Subvention (IS) and Prompt Repayment Incentive  (0 sections, summary=2001 chars)
[259/1925] memorized Pre-shipment and Post-shipment Export Credit ΓÇô Extension (0 sections, summary=2001 chars)
[261/1925] memorized Resolution Framework for COVID-19-related Stress (0 sections, summary=2001 chars)
[262/1925] memorized Submission of returns under Section 31 of the Banking Re (0 sections, summary=2001 chars)
[263/1925] memorized Resolution Framework for COVID-19-related Stress ΓÇô Finan (0 sections, summary=2001 chars)
[264/1925] memorized Reserve Bank of India (Commercial Banks ΓÇô Interest Rate  (0 sections, summary=2001 chars)
[265/1925] memorized Reserve Bank of India (Small Finance Banks ΓÇô Interest Ra (0 sections, summary=2001 chars)
[266/1925] memorized Reserve Bank of India (Regional Rural Banks ΓÇô Interest R (0 sections, summary=2001 chars)
[268/1925] memorized Reserve Bank of India (Urban Co-operative Banks ΓÇô Intere (0 sections, summary=2000 chars)
[267/1925] memorized Reserve Bank of India (Local Area Banks ΓÇô Interest Rate  (0 sections, summary=2001 chars)
[270/1925] memorized Reserve Bank of India (Commercial Banks ΓÇô Cash Reserve R (0 sections, summary=2001 chars)
[269/1925] memorized Reserve Bank of India (Rural Co-operative Banks ΓÇô Intere (0 sections, summary=2000 chars)
[271/1925] memorized Reserve Bank of India (Small Finance Banks ΓÇô Cash Reserv (0 sections, summary=2001 chars)
[273/1925] memorized Reserve Bank of India (Rural Co-operative Banks ΓÇô Cash R (0 sections, summary=2001 chars)
[272/1925] memorized Reserve Bank of India (Urban Co-operative Banks ΓÇô Cash R (0 sections, summary=2001 chars)
[274/1925] memorized Reserve Bank of India (Regional Rural Banks ΓÇô Cash Reser (0 sections, summary=2001 chars)
[275/1925] memorized Review of Circulars issued under Foreign Exchange Manage (0 sections, summary=2001 chars)
[277/1925] memorized Addendum Notice: 08 Posts of Administrative Officer Grad (0 sections, summary=2001 chars)
[276/1925] memorized Post10022026B6E4F728C7F6480Abef98Ed541561A71 (0 sections, summary=2001 chars)
[278/1925] memorized Addendum Notice: 19 Posts of Manager Grade - I - Section (0 sections, summary=2001 chars)
[279/1925] memorized Addendum Notice: 32 Posts of Accounts Officer, Administr (0 sections, summary=2001 chars)
[281/1925] memorized Notice: 25 Posts of Public Prosecutor in CBI (0 sections, summary=2001 chars)
[280/1925] memorized Notice: 03 Posts of Assistant Director (Corporate Law),  (0 sections, summary=1481 chars)
[283/1925] memorized {{'ExaminationAndInterviewOnly_HM' | translate }} (0 sections, summary=509 chars)
[282/1925] no PDF text for Vacancies in UPSC
[284/1925] memorized SSC Notification for ADV Jun 27 (0 sections, summary=2001 chars)
[285/1925] memorized Online application window for 10+2 B.Tech Cadet entry Ju (0 sections, summary=2000 chars)
[286/1925] memorized Application window for AVR MR (Musician) 02/26 batch ext (0 sections, summary=2000 chars)
[287/1925] memorized Online application window for SSC (IT) - Jan 27 course i (0 sections, summary=2001 chars)
[288/1925] memorized Online application window for SSC (various entries) for  (0 sections, summary=2001 chars)
[289/1925] memorized Advt Agniveer Apprentice 01 27 Hindi (0 sections, summary=2001 chars)
[290/1925] memorized Advt Agniveer Apprentice 01 27 English (0 sections, summary=2001 chars)
[292/1925] memorized SSC Notification for ADV Jun 27 (0 sections, summary=2001 chars)
[293/1925] memorized Aditya-L1 Mission: Announcement of Opportunity (AO) soli (0 sections, summary=2001 chars)
[294/1925] memorized Research Areas in Space document - 2025 - Released (0 sections, summary=2000 chars)
[295/1925] memorized Bharatiya Antariksh Hackathon-2025: Teams selected for G (0 sections, summary=2001 chars)
[296/1925] memorized ASI Excellence in Astronautics Awards for the Year 2023- (0 sections, summary=2001 chars)
[297/1925] memorized Successful Launch of Axiom Mission 4 (Ax-04) with Indian (0 sections, summary=2001 chars)
[298/1925] memorized CAUTION / αñÜαÑçαññαñ╛αñ╡αñ¿αÑÇ 308.89 KB Do not respond or act on fak (0 sections, summary=1694 chars)
[299/1925] memorized ALERT / αñ╕αñ╛αñ╡αñºαñ╛αñ¿ 173.08 KB Official communication from RAC (0 sections, summary=921 chars)
[300/1925] no PDF text for Addendum to Advt. no. 156 : Additional Information on 3 
[301/1925] memorized Addendum to Advt. no. 156 : Notice / Addendum Post Induc (0 sections, summary=1075 chars)
[302/1925] memorized Public Notice 235.76 KB Requirement of Valid GATE Score  (0 sections, summary=2000 chars)
[303/1925] memorized Examination Time Table: Combined Medical Services Examin (0 sections, summary=339 chars)
[304/1925] memorized Examination Time Table: Central Armed Police Forces (ACs (0 sections, summary=339 chars)
[305/1925] memorized Recruitment cases kept on hold on account of Pending Lit (0 sections, summary=1682 chars)
[306/1925] memorized Recruitment : Walk-in-interview for appointment of Gener (0 sections, summary=2001 chars)
[307/1925] memorized Recruitment : Walk-in-interview for appointment of Medic (0 sections, summary=1761 chars)
[291/1925] memorized Online application for AVR (SSR), AVR (MR) and SSR (Med) (0 sections, summary=2000 chars)
[309/1925] memorized SSG U-15 Boys Hockey team participated in the All India  (0 sections, summary=2001 chars)
[308/1925] memorized The observance of the ΓÇÿWorld Environment DayΓÇÖ on 19 Jun  (0 sections, summary=2001 chars)
[310/1925] memorized The celebrations of the ΓÇÿInternational Yoga Day 2026ΓÇÖ, S (0 sections, summary=2001 chars)
[311/1925] memorized The celebrations of the ΓÇÿInternational Yoga Day 2026ΓÇÖ, S (0 sections, summary=2001 chars)
[312/1925] memorized The ΓÇÿInternational Day of YogaΓÇÖ conducted in the school  (0 sections, summary=2001 chars)
[313/1925] memorized Recruitment : Walk-in-interview for 3 year tenure post o (0 sections, summary=2001 chars)
[314/1925] memorized Motivational talk by Ex-SSGian, Mr Rajnesh Gogoi, Managi (0 sections, summary=2001 chars)
[315/1925] memorized Lt Gen Mohit Wadhwa, SM, GOC 101 Area, visited SSG on 25 (0 sections, summary=2001 chars)
[316/1925] memorized Ek Bharat Shreshtha Bharat 2026- SSG organised an ΓÇÿEssay (0 sections, summary=2001 chars)
[317/1925] memorized World Environment Day 2026- SSG organised a plantation d (0 sections, summary=2001 chars)
[319/1925] memorized 07-07-2026 TAMILNADU TEACHER ELIGIBILITY TEST FOR WORKIN (0 sections, summary=2001 chars)
[318/1925] memorized Walk- in interview on 07.07.2026 for the appointment of  (0 sections, summary=2001 chars)
[320/1925] memorized Regarding interview of PLVs 07/07/2026 08/07/2026 View ( (0 sections, summary=2001 chars)
Multiple definitions in dictionary at byte 0x8e85d for key /Info
Multiple definitions in dictionary at byte 0x8e86a for key /Info
Multiple definitions in dictionary at byte 0x8e877 for key /Info
Multiple definitions in dictionary at byte 0x223e2d for key /Info
Multiple definitions in dictionary at byte 0x223e3a for key /Info
Multiple definitions in dictionary at byte 0x223e47 for key /Info
[322/1925] memorized 5 ESIC Model Hospital Gurugram, Haryana Walk- in intervi (0 sections, summary=2000 chars)
[321/1925] memorized Recruitments Title Description Start Date End Date File  (0 sections, summary=2001 chars)
[323/1925] no PDF text for Office Subordinates are hereby directed to produce their
[325/1925] no PDF text for List of Provisionally Selected Candidate under Wait List
[324/1925] no PDF text for Recruitments Title Description Start Date End Date File 
[326/1925] no PDF text for List of Candidates Provisionally Selected as HR/PERSONNE
[327/1925] no PDF text for List of Candidates Provisionally Selected as Law Officer
[328/1925] no PDF text for List of Candidates Provisionally Selected as Probationar
[330/1925] no PDF text for Notice Regarding Schedule of Online Examaination
[331/1925] no PDF text for Status Updation on Engagement of Company Secretary
[329/1925] no PDF text for RECRUITMENT OF LOCAL BANK OFFICER (LBO) 2025-26, Adverti
[332/1925] no PDF text for List of Provisionally Selected Candidate for Apprentices
[334/1925] memorized αñ¬αÑìαñ░αñ╛αñÜαñ╛αñ░αÑìαñ»αÑïαñé αñòαÑç αñ╡αñ╛αñ░αÑìαñ╖αñ┐αñò αñ╕αÑìΓÇìαñÑαñ╛αñ¿αñ╛αñéαññαñ░αñú αñåαñªαÑçαñ╢ ΓÇô 2026αñ¿αñê (0 sections, summary=2001 chars)
[333/1925] no PDF text for RECRUITMENT OF GENERALIST AND SPECIALIST OFFICERS ON REG
[336/1925] memorized New Vacancies (0 sections, summary=2001 chars)
[335/1925] memorized Tea Board fixes minimum price for South Indian varieties (0 sections, summary=2001 chars)
[338/1925] memorized Engagement ON Various BEDF Modipuram Meerut (0 sections, summary=2000 chars)
[337/1925] memorized αñàαñºαÑìαñ»αñòαÑìαñ╖ αñÅαñ╡αñé αñ¬αÑìαñ░αñ¼αñéαñº αñ¿αñ┐αñªαÑçαñ╢αñò αñ¬αÑâαñ╖αÑìαñá / 38 αñ╡αÑÇαñé αñÅαñ£αÑÇαñÅαñ« αñ«αÑçαñé αñàαñºαÑìαñ»αñò (0 sections, summary=2001 chars)
[339/1925] memorized Trade Watch- Quarterly (October - December [Q3] FY 2025- (0 sections, summary=2001 chars)
[340/1925] memorized Notice/Release (06-07-2026) αñëαññαÑìαññαñ░ αñ¬αÑìαñ░αñªαÑçαñ╢ αñ╣αÑïαñ«αñùαñ╛αñ░αÑìαñí αñòαÑç αñ¬αñªαÑï (0 sections, summary=2001 chars)
[342/1925] memorized Public Notice for the Post of Clerk on Adhoc basis Emplo (0 sections, summary=2001 chars)
[343/1925] memorized 05-07-2026 TAMILNADU TEACHER ELIGIBILITY TEST FOR WORKIN (0 sections, summary=444 chars)
[344/1925] memorized 04-07-2026 TAMILNADU TEACHER ELIGIBILITY TEST FOR WORKIN (0 sections, summary=582 chars)
[345/1925] no PDF text for MCSCC (Main) Examination, 2022 ΓÇô Link for Viewing Marks 
